// Jest Snapshot v1, https://goo.gl/fbAQLP

exports[`withModalManager should render the component generated by withModalManager 1`] = `
<withModalManager(TestContainer)>
  <ModalManager>
    <withDisclosureManager(DisclosureManager)
      render={[Function]}
      supportedDisclosureTypes={
        Array [
          "modal",
        ]
      }
    >
      <DisclosureManager
        render={[Function]}
        supportedDisclosureTypes={
          Array [
            "modal",
          ]
        }
      >
        <div
          className="container"
        >
          <TestContainer>
            <div>
              Hello World
            </div>
          </TestContainer>
          <AbstractModal
            ariaLabel="Modal"
            classNameModal="modal-manager"
            classNameOverlay={null}
            closeOnEsc={true}
            closeOnOutsideClick={false}
            isFocused={true}
            isFullscreen={false}
            isOpen={false}
            onRequestClose={[Function]}
            role="document"
            zIndex="6000"
          />
        </div>
      </DisclosureManager>
    </withDisclosureManager(DisclosureManager)>
  </ModalManager>
</withModalManager(TestContainer)>
`;
