// Jest Snapshot v1, https://goo.gl/fbAQLP

exports[`DisclosureManager should render using the provided render function 1`] = `
<DisclosureManager
  render={[Function]}
  supportedDisclosureTypes={Array []}
>
  <div
    id="wrapper"
  >
    <withDisclosureManager(undefined)
      id="child1"
    >
      <Component
        disclosureManager={
          DisclosureManagerDelegateInstance {
            "disclose": [Function],
          }
        }
        id="child1"
      >
        <div
          id="child1"
        />
      </Component>
    </withDisclosureManager(undefined)>
    <withDisclosureManager(undefined)
      id="child2"
    >
      <Component
        disclosureManager={
          DisclosureManagerDelegateInstance {
            "disclose": [Function],
          }
        }
        id="child2"
      >
        <div
          id="child2"
        />
      </Component>
    </withDisclosureManager(undefined)>
  </div>
</DisclosureManager>
`;
