// Jest Snapshot v1, https://goo.gl/fbAQLP

exports[`ApplicationToolbar should render with provided props 1`] = `
<div
  className="logo"
>
  <div
    className="accessory"
  >
    <div>
      test accessory
    </div>
  </div>
  <div
    className="title"
  >
    <strong>
      title
    </strong>
    test subtitle
  </div>
</div>
`;

exports[`ApplicationToolbar should render without optional props 1`] = `
<div
  className="logo"
/>
`;
