// Jest Snapshot v1, https://goo.gl/fbAQLP

exports[`NavigationLayout should render a default NavigationLayout 1`] = `
<Route
  render={[Function]}
/>
`;
